// Jest Snapshot v1, https://goo.gl/fbAQLP

exports[`MenuItemBase matches the snapshot 1`] = `
<div>
  <li
    aria-disabled="false"
    class="MuiButtonBase-root MuiListItem-root MuiMenuItem-root MuiMenuItem-gutters MuiListItem-gutters MuiListItem-button"
    role="menuitem"
    tabindex="-1"
    value="ONE"
  >
    MenuItem
    <span
      class="MuiTouchRipple-root"
    />
  </li>
</div>
`;
