// Jest Snapshot v1, https://goo.gl/fbAQLP

exports[`Drawer ACT theme matches the snapshot 1`] = `
<div>
  <div
    class="MuiDrawer-root MuiDrawer-docked"
    color="primary"
  >
    <div
      class="MuiPaper-root MuiDrawer-paper MuiDrawer-paperAnchorLeft MuiDrawer-paperAnchorDockedLeft MuiPaper-elevation0"
    >
      Hey
    </div>
  </div>
</div>
`;

exports[`Drawer ACT_ET theme matches the snapshot 1`] = `
<div
  aria-hidden="true"
/>
`;
