// Jest Snapshot v1, https://jestjs.io/docs/snapshot-testing

exports[`RenderMetaTagsBase ACT theme matches the snapshot 1`] = `
<div>
  <title
    itemprop="name"
    lang="en"
  >
    Some Title
  </title>
</div>
`;

exports[`RenderMetaTagsBase ACT_ET theme matches the snapshot 1`] = `
<div>
  <title
    itemprop="name"
    lang="en"
  >
    Some Title
  </title>
</div>
`;

exports[`RenderMetaTagsBase ENCOURA theme matches the snapshot 1`] = `
<div>
  <title
    itemprop="name"
    lang="en"
  >
    Some Title
  </title>
</div>
`;

exports[`RenderMetaTagsBase ENCOURA_CLASSIC theme matches the snapshot 1`] = `
<div>
  <title
    itemprop="name"
    lang="en"
  >
    Some Title
  </title>
</div>
`;

exports[`RenderMetaTagsBase ENCOURAGE theme matches the snapshot 1`] = `
<div>
  <title
    itemprop="name"
    lang="en"
  >
    Some Title
  </title>
</div>
`;

exports[`RenderMetaTagsBase ENCOURAGE_E4E theme matches the snapshot 1`] = `
<div>
  <title
    itemprop="name"
    lang="en"
  >
    Some Title
  </title>
</div>
`;
