// Jest Snapshot v1, https://goo.gl/fbAQLP

exports[`Button matches the snapshot 1`] = `
<div>
  <button
    class="MuiButtonBase-root MuiButton-root MuiButton-outlined MuiButton-outlinedPrimary MuiButton-disableElevation"
    tabindex="0"
    type="button"
    value="Value"
  >
    <span
      class="MuiButton-label"
    />
    <span
      class="MuiTouchRipple-root"
    />
  </button>
</div>
`;
