// Jest Snapshot v1, https://goo.gl/fbAQLP

exports[`TableEmptyStatePrimary matches the snapshot 1`] = `
Array [
  <style
    jsx={true}
  >
    
        .container {
          padding: 30px 12px
            12px 12px;
          width: 100%;
        }
      
  </style>,
  <div
    className="container"
  >
    <style
      jsx={true}
    >
      
          .container {
            align-items: center;
            display: flex;
            flex: 1;
            flex-direction: column;
          }
        
    </style>
    <div
      className="container"
    >
      <p
        className="MuiTypography-root makeStyles-descriptionRoot-1 makeStyles-descriptionRootWithoutTitle-3 MuiTypography-body1 MuiTypography-alignCenter"
      >
        No Things Found
      </p>
    </div>
  </div>,
]
`;
