// Jest Snapshot v1, https://goo.gl/fbAQLP

exports[`ListItemTextBase matches the snapshot 1`] = `
<div>
  <div
    class="MuiListItemText-root MuiListItemText-multiline"
  >
    <span
      class="MuiTypography-root MuiListItemText-primary MuiTypography-body1 MuiTypography-displayBlock"
    >
      Primary text
    </span>
    <p
      class="MuiTypography-root MuiListItemText-secondary MuiTypography-body2 MuiTypography-colorTextSecondary MuiTypography-displayBlock"
    >
      Secondary text
    </p>
  </div>
</div>
`;
