// Jest Snapshot v1, https://goo.gl/fbAQLP

exports[`EmptyStateBase matches the snapshot 1`] = `
Object {
  "asFragment": [Function],
  "baseElement": <body>
    <div>
      <style>
        
          .container {
            align-items: center;
            display: flex;
            flex: 1;
            flex-direction: column;
          }
          undefined
        
      </style>
      <div
        class="container"
      >
        <div
          class="MuiGrid-root MuiGrid-container makeStyles-titleGridContainer-4 MuiGrid-align-items-xs-center MuiGrid-justify-xs-center"
        >
          <div
            class="MuiGrid-root MuiGrid-item makeStyles-titleGridItem-6"
          >
            <h6
              class="MuiTypography-root MuiTypography-h6 MuiTypography-alignCenter"
            >
              Title
            </h6>
          </div>
        </div>
        <p
          class="MuiTypography-root makeStyles-descriptionRoot-1 MuiTypography-body1 MuiTypography-alignCenter"
        >
          Description
        </p>
        <button
          class="MuiButtonBase-root MuiButton-root MuiButton-text"
          tabindex="0"
          type="button"
        >
          <span
            class="MuiButton-label"
          >
            Button Title
          </span>
          <span
            class="MuiTouchRipple-root"
          />
        </button>
      </div>
    </div>
  </body>,
  "container": <div>
    <style>
      
          .container {
            align-items: center;
            display: flex;
            flex: 1;
            flex-direction: column;
          }
          undefined
        
    </style>
    <div
      class="container"
    >
      <div
        class="MuiGrid-root MuiGrid-container makeStyles-titleGridContainer-4 MuiGrid-align-items-xs-center MuiGrid-justify-xs-center"
      >
        <div
          class="MuiGrid-root MuiGrid-item makeStyles-titleGridItem-6"
        >
          <h6
            class="MuiTypography-root MuiTypography-h6 MuiTypography-alignCenter"
          >
            Title
          </h6>
        </div>
      </div>
      <p
        class="MuiTypography-root makeStyles-descriptionRoot-1 MuiTypography-body1 MuiTypography-alignCenter"
      >
        Description
      </p>
      <button
        class="MuiButtonBase-root MuiButton-root MuiButton-text"
        tabindex="0"
        type="button"
      >
        <span
          class="MuiButton-label"
        >
          Button Title
        </span>
        <span
          class="MuiTouchRipple-root"
        />
      </button>
    </div>
  </div>,
  "debug": [Function],
  "findAllByAltText": [Function],
  "findAllByDisplayValue": [Function],
  "findAllByLabelText": [Function],
  "findAllByPlaceholderText": [Function],
  "findAllByRole": [Function],
  "findAllByTestId": [Function],
  "findAllByText": [Function],
  "findAllByTitle": [Function],
  "findByAltText": [Function],
  "findByDisplayValue": [Function],
  "findByLabelText": [Function],
  "findByPlaceholderText": [Function],
  "findByRole": [Function],
  "findByTestId": [Function],
  "findByText": [Function],
  "findByTitle": [Function],
  "getAllByAltText": [Function],
  "getAllByDisplayValue": [Function],
  "getAllByLabelText": [Function],
  "getAllByPlaceholderText": [Function],
  "getAllByRole": [Function],
  "getAllByTestId": [Function],
  "getAllByText": [Function],
  "getAllByTitle": [Function],
  "getByAltText": [Function],
  "getByDisplayValue": [Function],
  "getByLabelText": [Function],
  "getByPlaceholderText": [Function],
  "getByRole": [Function],
  "getByTestId": [Function],
  "getByText": [Function],
  "getByTitle": [Function],
  "queryAllByAltText": [Function],
  "queryAllByDisplayValue": [Function],
  "queryAllByLabelText": [Function],
  "queryAllByPlaceholderText": [Function],
  "queryAllByRole": [Function],
  "queryAllByTestId": [Function],
  "queryAllByText": [Function],
  "queryAllByTitle": [Function],
  "queryByAltText": [Function],
  "queryByDisplayValue": [Function],
  "queryByLabelText": [Function],
  "queryByPlaceholderText": [Function],
  "queryByRole": [Function],
  "queryByTestId": [Function],
  "queryByText": [Function],
  "queryByTitle": [Function],
  "rerender": [Function],
  "unmount": [Function],
}
`;
