// Jest Snapshot v1, https://goo.gl/fbAQLP

exports[`DialogTitle ACT theme matches the snapshot 1`] = `
<div>
  <h2
    class="MuiTypography-root MuiTypography-h6 MuiDialogTitle-root css-bdhsul-MuiTypography-root-MuiDialogTitle-root"
  >
    Hey
  </h2>
</div>
`;

exports[`DialogTitle ACT_ET theme matches the snapshot 1`] = `
<div>
  <h2
    class="MuiTypography-root MuiTypography-h6 MuiDialogTitle-root css-bdhsul-MuiTypography-root-MuiDialogTitle-root"
  >
    Hey
  </h2>
</div>
`;

exports[`DialogTitle ENCOURA_DATALAB theme matches the snapshot 1`] = `
<div>
  <h2
    class="MuiTypography-root MuiTypography-h6 MuiDialogTitle-root css-bdhsul-MuiTypography-root-MuiDialogTitle-root"
  >
    Hey
  </h2>
</div>
`;
