// Jest Snapshot v1, https://goo.gl/fbAQLP

exports[`FormInputPrimary matches the snapshot 1`] = `
<div>
  <div
    class="makeStyles-labelContainer-2"
  >
    <label
      class="makeStyles-labelRoot-4 MuiInputLabel-root MuiInputLabel-animated MuiFormLabel-root MuiFormLabel-colorPrimary css-9npbnl-MuiFormLabel-root-MuiInputLabel-root"
    >
      <div
        class="label-split"
      >
        <span>
          Label
        </span>
        <span
          class="required"
        >
          Required
        </span>
      </div>
    </label>
  </div>
  <div
    class="makeStyles-inputContainer-1"
  >
    <div
      class="makeStyles-inputRoot-7 MuiInput-root MuiInputBase-root MuiInputBase-colorPrimary MuiInputBase-fullWidth css-1s97tdc-MuiInputBase-root-MuiInput-root"
    >
      <input
        class="makeStyles-inputInput-5 MuiInput-input MuiInputBase-input css-1x51dt5-MuiInputBase-input-MuiInput-input"
        type="text"
        value="Value"
      />
    </div>
  </div>
</div>
`;
