// Jest Snapshot v1, https://goo.gl/fbAQLP

exports[`SelectPrimary matches the snapshot 1`] = `
<div>
  <div
    class="MuiOutlinedInput-root MuiInputBase-root MuiInputBase-colorPrimary  css-37jrt-MuiInputBase-root-MuiOutlinedInput-root-MuiSelect-root"
  >
    <div
      aria-expanded="false"
      aria-haspopup="listbox"
      class="makeStyles-selectComponentRoot-1 MuiSelect-select MuiSelect-outlined MuiOutlinedInput-input MuiInputBase-input css-1w3yx3g-MuiSelect-select-MuiInputBase-input-MuiOutlinedInput-input"
      role="button"
      tabindex="0"
    >
      One
    </div>
    <input
      aria-hidden="true"
      class="MuiSelect-nativeInput css-yf8vq0-MuiSelect-nativeInput"
      tabindex="-1"
      value="ONE"
    />
    <svg
      aria-hidden="true"
      class="MuiSvgIcon-root MuiSvgIcon-fontSizeMedium makeStyles-selectIcon-2 MuiSelect-icon MuiSelect-iconOutlined css-115bljm-MuiSvgIcon-root-MuiSelect-icon"
      data-testid="ChevronDownIcon"
      focusable="false"
      viewBox="0 0 24 24"
    >
      <path
        d="M7.41,8.58L12,13.17L16.59,8.58L18,10L12,16L6,10L7.41,8.58Z"
      />
    </svg>
    <fieldset
      aria-hidden="true"
      class="MuiOutlinedInput-notchedOutline css-b8b9jo-MuiOutlinedInput-notchedOutline"
    >
      <legend
        class="css-hdw1oc"
      >
        <span
          class="notranslate"
        >
          ​
        </span>
      </legend>
    </fieldset>
  </div>
</div>
`;
